
 Start  Stop   Length Name                   Class
 00000H 0B318H 0B319H ADIS____$C00           CODE
 0B320H 0C3F4H 010D5H ADISKEY_$C00           CODE
 0C400H 19B6AH 0D76BH EXTFH___$C00           CODE
 19B70H 2461AH 0AAABH CSEG                   CODE
 24620H 25550H 00F31H DOSXXX                 CODE
 25552H 25580H 0002FH INT_2F_SEG             CODE
 25581H 255D9H 00059H CODE                   CODE
 255E0H 26622H 01043H ADIS____$D00           FAR_DATA
 26630H 26F1BH 008ECH ADISKEY_$D00           FAR_DATA
 26F20H 29BB5H 02C96H EXTFH___$D00           FAR_DATA
 29BC0H 29F01H 00342H ADIS____$I             ICODE_DATA
 29F10H 2A41BH 0050CH ADISKEY_$I             ICODE_DATA
 2A420H 2A752H 00333H EXTFH___$I             ICODE_DATA
 2A760H 2A81FH 000C0H LPTSEG                 LPT_DATA
 2A820H 2A954H 00135H ADIS____$E             EXTCAL_DATA
 2A960H 2AAB6H 00157H ADISKEY_$E             EXTCAL_DATA
 2AAC0H 2ACC7H 00208H EXTFH___$E             EXTCAL_DATA
 2ACD0H 2AD7FH 000B0H ADIS____$H             CTRLBLK_DATA
 2AD80H 2AE2FH 000B0H ADISKEY_$H             CTRLBLK_DATA
 2AE30H 2AEDFH 000B0H EXTFH___$H             CTRLBLK_DATA
 2AEE0H 2AF9FH 000C0H SCNDAT                 DATA
 2AFA0H 2AFD7H 00038H MULSEG                 DATA
 2AFD8H 2AFD8H 00000H INTSEG                 DATA
 2AFE0H 2AFF0H 00011H APIDAT                 DATA
 2B000H 2B00BH 0000CH XILDAT                 DATA
 2B00CH 2B04BH 00040H BUFFER                 DATA
 2B050H 2B153H 00104H APIBUF                 DATA
 2B160H 2B173H 00014H _DATA                  
 2B180H 2B180H 00000H DUMMY_SEG              
 2B180H 2B37FH 00200H CBLRUDAT               CBL_DATA
 2B380H 2B380H 00000H INITTERM               INITTERM
 2B380H 2B38FH 00010H INITTERMX              INITTERM
 2B390H 2B393H 00004H SHRSEG                 SHARE
 2B3A0H 2BB9FH 00800H STACK                  STACK

 Origin   Group
 19B7:0   CGROUP
 2B16:0   DGROUP
 2B38:0   FGROUP

Program entry point at 19B7:9580
