
 Start  Stop   Length Name                   Class
 00000H 00575H 00576H CRIAPAR_$C00           CODE
 00580H 0B044H 0AAC5H ADIS____$C00           CODE
 0B050H 0C2DCH 0128DH ADISKEY_$C00           CODE
 0C2E0H 1C021H 0FD42H EXTFH___$C00           CODE
 1C030H 27159H 0B12AH CSEG                   CODE
 27160H 281C6H 01067H DOSXXX                 CODE
 281C8H 281F6H 0002FH INT_2F_SEG             CODE
 281F8H 2820BH 00014H GSEG                   CODE
 2820CH 2821FH 00014H LSEG                   CODE
 28220H 28278H 00059H CODE                   CODE
 28280H 2885CH 005DDH CRIAPAR_$D00           FAR_DATA
 28860H 29922H 010C3H ADIS____$D00           FAR_DATA
 29930H 2A216H 008E7H ADISKEY_$D00           FAR_DATA
 2A220H 2D09AH 02E7BH EXTFH___$D00           FAR_DATA
 2D0A0H 2D2DBH 0023CH CRIAPAR_$I             ICODE_DATA
 2D2E0H 2D616H 00337H ADIS____$I             ICODE_DATA
 2D620H 2DB4EH 0052FH ADISKEY_$I             ICODE_DATA
 2DB50H 2DFDFH 00490H EXTFH___$I             ICODE_DATA
 2DFE0H 2E09FH 000C0H LPTSEG                 LPT_DATA
 2E0A0H 2E0BFH 00020H LPTSEGE                LPT_DATA
 2E0C0H 2E0D4H 00015H CRIAPAR_$E             EXTCAL_DATA
 2E0E0H 2E225H 00146H ADIS____$E             EXTCAL_DATA
 2E230H 2E38EH 0015FH ADISKEY_$E             EXTCAL_DATA
 2E390H 2E647H 002B8H EXTFH___$E             EXTCAL_DATA
 2E650H 2E6FFH 000B0H CRIAPAR_$H             CTRLBLK_DATA
 2E700H 2E7AFH 000B0H ADIS____$H             CTRLBLK_DATA
 2E7B0H 2E85FH 000B0H ADISKEY_$H             CTRLBLK_DATA
 2E860H 2E90FH 000B0H EXTFH___$H             CTRLBLK_DATA
 2E910H 2EB0FH 00200H CBLRUDAT               CBL_DATA
 2EB10H 2EB13H 00004H SHRSEG                 SHARE
 2EB20H 2EB33H 00014H _DATA                  
 2EB40H 2EB45H 00006H DUMMY_SEG              
 2EB46H 2EB47H 00002H INTSEG                 DATA
 2EB50H 2EC0FH 000C0H SCNDAT                 DATA
 2EC10H 2EC50H 00041H TSEG                   DATA
 2EC52H 2EC89H 00038H MULSEG                 DATA
 2EC90H 2ECA0H 00011H APIDAT                 DATA
 2ECB0H 2ECBBH 0000CH XILDAT                 DATA
 2ECBCH 2ECFBH 00040H BUFFER                 DATA
 2ED00H 2EE03H 00104H APIBUF                 DATA
 2EE10H 2EE10H 00000H INITTERM               INITTERM
 2EE10H 2EE1FH 00010H INITTERMX              INITTERM
 2EE20H 2F61FH 00800H STACK                  STACK

 Origin   Group
 1C03:0   CGROUP
 2EB2:0   DGROUP
 2EE1:0   FGROUP
 2DFE:0   LPTGRP

Program entry point at 1C03:000C
