
 Start  Stop   Length Name                   Class
 00000H 00548H 00549H CRIANOTA$C00           CODE
 00550H 0B868H 0B319H ADIS____$C00           CODE
 0B870H 0C944H 010D5H ADISKEY_$C00           CODE
 0C950H 1A0BAH 0D76BH EXTFH___$C00           CODE
 1A0C0H 24B6AH 0AAABH CSEG                   CODE
 24B70H 25AA0H 00F31H DOSXXX                 CODE
 25AA2H 25AD0H 0002FH INT_2F_SEG             CODE
 25AD1H 25B29H 00059H CODE                   CODE
 25B30H 2621CH 006EDH CRIANOTA$D00           FAR_DATA
 26220H 27262H 01043H ADIS____$D00           FAR_DATA
 27270H 27B5BH 008ECH ADISKEY_$D00           FAR_DATA
 27B60H 2A7F5H 02C96H EXTFH___$D00           FAR_DATA
 2A800H 2AA8BH 0028CH CRIANOTA$I             ICODE_DATA
 2AA90H 2ADD1H 00342H ADIS____$I             ICODE_DATA
 2ADE0H 2B2EBH 0050CH ADISKEY_$I             ICODE_DATA
 2B2F0H 2B622H 00333H EXTFH___$I             ICODE_DATA
 2B630H 2B70FH 000E0H LPTSEG                 LPT_DATA
 2B710H 2B724H 00015H CRIANOTA$E             EXTCAL_DATA
 2B730H 2B864H 00135H ADIS____$E             EXTCAL_DATA
 2B870H 2B9C6H 00157H ADISKEY_$E             EXTCAL_DATA
 2B9D0H 2BBD7H 00208H EXTFH___$E             EXTCAL_DATA
 2BBE0H 2BC8FH 000B0H CRIANOTA$H             CTRLBLK_DATA
 2BC90H 2BD3FH 000B0H ADIS____$H             CTRLBLK_DATA
 2BD40H 2BDEFH 000B0H ADISKEY_$H             CTRLBLK_DATA
 2BDF0H 2BE9FH 000B0H EXTFH___$H             CTRLBLK_DATA
 2BEA0H 2BF5FH 000C0H SCNDAT                 DATA
 2BF60H 2BF97H 00038H MULSEG                 DATA
 2BF98H 2BF98H 00000H INTSEG                 DATA
 2BFA0H 2BFB0H 00011H APIDAT                 DATA
 2BFC0H 2BFCBH 0000CH XILDAT                 DATA
 2BFCCH 2C00BH 00040H BUFFER                 DATA
 2C010H 2C113H 00104H APIBUF                 DATA
 2C120H 2C133H 00014H _DATA                  
 2C140H 2C140H 00000H DUMMY_SEG              
 2C140H 2C33FH 00200H CBLRUDAT               CBL_DATA
 2C340H 2C340H 00000H INITTERM               INITTERM
 2C340H 2C34FH 00010H INITTERMX              INITTERM
 2C350H 2C353H 00004H SHRSEG                 SHARE
 2C360H 2CB5FH 00800H STACK                  STACK

 Origin   Group
 1A0C:0   CGROUP
 2C12:0   DGROUP
 2C34:0   FGROUP

Program entry point at 1A0C:9580
