
 Start  Stop   Length Name                   Class
 00000H 00418H 00419H CRIALUNO$C00           CODE
 00420H 0B738H 0B319H ADIS____$C00           CODE
 0B740H 0C814H 010D5H ADISKEY_$C00           CODE
 0C820H 19F8AH 0D76BH EXTFH___$C00           CODE
 19F90H 24A3AH 0AAABH CSEG                   CODE
 24A40H 25970H 00F31H DOSXXX                 CODE
 25972H 259A0H 0002FH INT_2F_SEG             CODE
 259A1H 259F9H 00059H CODE                   CODE
 25A00H 26090H 00691H CRIALUNO$D00           FAR_DATA
 260A0H 270E2H 01043H ADIS____$D00           FAR_DATA
 270F0H 279DBH 008ECH ADISKEY_$D00           FAR_DATA
 279E0H 2A675H 02C96H EXTFH___$D00           FAR_DATA
 2A680H 2A88EH 0020FH CRIALUNO$I             ICODE_DATA
 2A890H 2ABD1H 00342H ADIS____$I             ICODE_DATA
 2ABE0H 2B0EBH 0050CH ADISKEY_$I             ICODE_DATA
 2B0F0H 2B422H 00333H EXTFH___$I             ICODE_DATA
 2B430H 2B50FH 000E0H LPTSEG                 LPT_DATA
 2B510H 2B524H 00015H CRIALUNO$E             EXTCAL_DATA
 2B530H 2B664H 00135H ADIS____$E             EXTCAL_DATA
 2B670H 2B7C6H 00157H ADISKEY_$E             EXTCAL_DATA
 2B7D0H 2B9D7H 00208H EXTFH___$E             EXTCAL_DATA
 2B9E0H 2BA8FH 000B0H CRIALUNO$H             CTRLBLK_DATA
 2BA90H 2BB3FH 000B0H ADIS____$H             CTRLBLK_DATA
 2BB40H 2BBEFH 000B0H ADISKEY_$H             CTRLBLK_DATA
 2BBF0H 2BC9FH 000B0H EXTFH___$H             CTRLBLK_DATA
 2BCA0H 2BD5FH 000C0H SCNDAT                 DATA
 2BD60H 2BD97H 00038H MULSEG                 DATA
 2BD98H 2BD98H 00000H INTSEG                 DATA
 2BDA0H 2BDB0H 00011H APIDAT                 DATA
 2BDC0H 2BDCBH 0000CH XILDAT                 DATA
 2BDCCH 2BE0BH 00040H BUFFER                 DATA
 2BE10H 2BF13H 00104H APIBUF                 DATA
 2BF20H 2BF33H 00014H _DATA                  
 2BF40H 2BF40H 00000H DUMMY_SEG              
 2BF40H 2C13FH 00200H CBLRUDAT               CBL_DATA
 2C140H 2C140H 00000H INITTERM               INITTERM
 2C140H 2C14FH 00010H INITTERMX              INITTERM
 2C150H 2C153H 00004H SHRSEG                 SHARE
 2C160H 2C95FH 00800H STACK                  STACK

 Origin   Group
 19F9:0   CGROUP
 2BF2:0   DGROUP
 2C14:0   FGROUP

Program entry point at 19F9:9580
