
 Start  Stop   Length Name                   Class
 00000H 00344H 00345H LEMENSA_$C00           CODE
 00350H 0AE14H 0AAC5H ADIS____$C00           CODE
 0AE20H 0C0ACH 0128DH ADISKEY_$C00           CODE
 0C0B0H 1BDF1H 0FD42H EXTFH___$C00           CODE
 1BE00H 26D59H 0AF5AH CSEG                   CODE
 26D60H 27DC6H 01067H DOSXXX                 CODE
 27DC8H 27DF6H 0002FH INT_2F_SEG             CODE
 27DF8H 27E0BH 00014H GSEG                   CODE
 27E0CH 27E1FH 00014H LSEG                   CODE
 27E20H 27E78H 00059H CODE                   CODE
 27E80H 2829CH 0041DH LEMENSA_$D00           FAR_DATA
 282A0H 29362H 010C3H ADIS____$D00           FAR_DATA
 29370H 29C56H 008E7H ADISKEY_$D00           FAR_DATA
 29C60H 2CADAH 02E7BH EXTFH___$D00           FAR_DATA
 2CAE0H 2CC9BH 001BCH LEMENSA_$I             ICODE_DATA
 2CCA0H 2CFD6H 00337H ADIS____$I             ICODE_DATA
 2CFE0H 2D50EH 0052FH ADISKEY_$I             ICODE_DATA
 2D510H 2D99FH 00490H EXTFH___$I             ICODE_DATA
 2D9A0H 2DA5FH 000C0H LPTSEG                 LPT_DATA
 2DA60H 2DA7FH 00020H LPTSEGE                LPT_DATA
 2DA80H 2DA80H 00000H LEMENSA_$E             EXTCAL_DATA
 2DA80H 2DBC5H 00146H ADIS____$E             EXTCAL_DATA
 2DBD0H 2DD2EH 0015FH ADISKEY_$E             EXTCAL_DATA
 2DD30H 2DFE7H 002B8H EXTFH___$E             EXTCAL_DATA
 2DFF0H 2E09FH 000B0H LEMENSA_$H             CTRLBLK_DATA
 2E0A0H 2E14FH 000B0H ADIS____$H             CTRLBLK_DATA
 2E150H 2E1FFH 000B0H ADISKEY_$H             CTRLBLK_DATA
 2E200H 2E2AFH 000B0H EXTFH___$H             CTRLBLK_DATA
 2E2B0H 2E4AFH 00200H CBLRUDAT               CBL_DATA
 2E4B0H 2E4B3H 00004H SHRSEG                 SHARE
 2E4C0H 2E4D3H 00014H _DATA                  
 2E4E0H 2E4E5H 00006H DUMMY_SEG              
 2E4E6H 2E4E7H 00002H INTSEG                 DATA
 2E4F0H 2E5AFH 000C0H SCNDAT                 DATA
 2E5B0H 2E5F0H 00041H TSEG                   DATA
 2E5F2H 2E629H 00038H MULSEG                 DATA
 2E630H 2E640H 00011H APIDAT                 DATA
 2E650H 2E65BH 0000CH XILDAT                 DATA
 2E65CH 2E69BH 00040H BUFFER                 DATA
 2E6A0H 2E7A3H 00104H APIBUF                 DATA
 2E7B0H 2E7B0H 00000H INITTERM               INITTERM
 2E7B0H 2E7BFH 00010H INITTERMX              INITTERM
 2E7C0H 2EFBFH 00800H STACK                  STACK

 Origin   Group
 1BE0:0   CGROUP
 2E4C:0   DGROUP
 2E7B:0   FGROUP
 2D9A:0   LPTGRP

Program entry point at 1BE0:000C
