
 Start  Stop   Length Name                   Class
 00000H 00A57H 00A58H MODELO1_$C00           CODE
 00A60H 0B524H 0AAC5H ADIS____$C00           CODE
 0B530H 0C7BCH 0128DH ADISKEY_$C00           CODE
 0C7C0H 0D041H 00882H ADISINIT$C00           CODE
 0D050H 184B9H 0B46AH CSEG                   CODE
 184C0H 19506H 01047H DOSXXX                 CODE
 19508H 19536H 0002FH INT_2F_SEG             CODE
 19537H 1958FH 00059H CODE                   CODE
 19590H 19803H 00274H MODELO1_$D00           FAR_DATA
 19810H 1A8D2H 010C3H ADIS____$D00           FAR_DATA
 1A8E0H 1B1C6H 008E7H ADISKEY_$D00           FAR_DATA
 1B1D0H 1CE86H 01CB7H ADISINIT$D00           FAR_DATA
 1CE90H 1CEFEH 0006FH MODELO1_$I             ICODE_DATA
 1CF00H 1D236H 00337H ADIS____$I             ICODE_DATA
 1D240H 1D76EH 0052FH ADISKEY_$I             ICODE_DATA
 1D770H 1DC7BH 0050CH ADISINIT$I             ICODE_DATA
 1DC80H 1DCFFH 00080H LPTSEG                 LPT_DATA
 1DD00H 1DD1FH 00020H LPTSEGE                LPT_DATA
 1DD20H 1DD20H 00000H MODELO1_$E             EXTCAL_DATA
 1DD20H 1DE65H 00146H ADIS____$E             EXTCAL_DATA
 1DE70H 1DFCEH 0015FH ADISKEY_$E             EXTCAL_DATA
 1DFD0H 1DFEEH 0001FH ADISINIT$E             EXTCAL_DATA
 1DFF0H 1E09FH 000B0H MODELO1_$H             CTRLBLK_DATA
 1E0A0H 1E14FH 000B0H ADIS____$H             CTRLBLK_DATA
 1E150H 1E1FFH 000B0H ADISKEY_$H             CTRLBLK_DATA
 1E200H 1E2AFH 000B0H ADISINIT$H             CTRLBLK_DATA
 1E2B0H 1E4AFH 00200H CBLRUDAT               CBL_DATA
 1E4B0H 1E4B3H 00004H SHRSEG                 SHARE
 1E4C0H 1E4D3H 00014H _DATA                  
 1E4E0H 1E4E5H 00006H DUMMY_SEG              
 1E4E6H 1E4E7H 00002H INTSEG                 DATA
 1E4F0H 1E5AFH 000C0H SCNDAT                 DATA
 1E5B0H 1E5E7H 00038H MULSEG                 DATA
 1E5F0H 1E600H 00011H APIDAT                 DATA
 1E610H 1E61BH 0000CH XILDAT                 DATA
 1E61CH 1E65BH 00040H BUFFER                 DATA
 1E660H 1E763H 00104H APIBUF                 DATA
 1E770H 1E770H 00000H INITTERM               INITTERM
 1E770H 1E77FH 00010H INITTERMX              INITTERM
 1E780H 1EF7FH 00800H STACK                  STACK

 Origin   Group
 0D05:0   CGROUP
 1E4C:0   DGROUP
 1E77:0   FGROUP
 1DC8:0   LPTGRP

Program entry point at 0D05:000C
