
 Start  Stop   Length Name                   Class
 00000H 02301H 02302H SISALU__$C00           CODE
 02310H 0CDD4H 0AAC5H ADIS____$C00           CODE
 0CDE0H 0E06CH 0128DH ADISKEY_$C00           CODE
 0E070H 0E8F1H 00882H ADISINIT$C00           CODE
 0E900H 1E641H 0FD42H EXTFH___$C00           CODE
 1E650H 29839H 0B1EAH CSEG                   CODE
 29840H 2A8A6H 01067H DOSXXX                 CODE
 2A8A8H 2A8D6H 0002FH INT_2F_SEG             CODE
 2A8D8H 2A8EBH 00014H GSEG                   CODE
 2A8ECH 2A8FFH 00014H LSEG                   CODE
 2A900H 2A958H 00059H CODE                   CODE
 2A960H 2B350H 009F1H SISALU__$D00           FAR_DATA
 2B360H 2C422H 010C3H ADIS____$D00           FAR_DATA
 2C430H 2CD16H 008E7H ADISKEY_$D00           FAR_DATA
 2CD20H 2E9D6H 01CB7H ADISINIT$D00           FAR_DATA
 2E9E0H 3185AH 02E7BH EXTFH___$D00           FAR_DATA
 31860H 31EA6H 00647H SISALU__$I             ICODE_DATA
 31EB0H 321E6H 00337H ADIS____$I             ICODE_DATA
 321F0H 3271EH 0052FH ADISKEY_$I             ICODE_DATA
 32720H 32C2BH 0050CH ADISINIT$I             ICODE_DATA
 32C30H 330BFH 00490H EXTFH___$I             ICODE_DATA
 330C0H 3319FH 000E0H LPTSEG                 LPT_DATA
 331A0H 331BFH 00020H LPTSEGE                LPT_DATA
 331C0H 331E2H 00023H SISALU__$E             EXTCAL_DATA
 331F0H 33335H 00146H ADIS____$E             EXTCAL_DATA
 33340H 3349EH 0015FH ADISKEY_$E             EXTCAL_DATA
 334A0H 334BEH 0001FH ADISINIT$E             EXTCAL_DATA
 334C0H 33777H 002B8H EXTFH___$E             EXTCAL_DATA
 33780H 3382FH 000B0H SISALU__$H             CTRLBLK_DATA
 33830H 338DFH 000B0H ADIS____$H             CTRLBLK_DATA
 338E0H 3398FH 000B0H ADISKEY_$H             CTRLBLK_DATA
 33990H 33A3FH 000B0H ADISINIT$H             CTRLBLK_DATA
 33A40H 33AEFH 000B0H EXTFH___$H             CTRLBLK_DATA
 33AF0H 33CEFH 00200H CBLRUDAT               CBL_DATA
 33CF0H 33CF3H 00004H SHRSEG                 SHARE
 33D00H 33D13H 00014H _DATA                  
 33D20H 33D25H 00006H DUMMY_SEG              
 33D26H 33D27H 00002H INTSEG                 DATA
 33D30H 33DEFH 000C0H SCNDAT                 DATA
 33DF0H 33E30H 00041H TSEG                   DATA
 33E32H 33E69H 00038H MULSEG                 DATA
 33E70H 33E80H 00011H APIDAT                 DATA
 33E90H 33E9BH 0000CH XILDAT                 DATA
 33E9CH 33EDBH 00040H BUFFER                 DATA
 33EE0H 33FE3H 00104H APIBUF                 DATA
 33FF0H 33FF0H 00000H INITTERM               INITTERM
 33FF0H 33FFFH 00010H INITTERMX              INITTERM
 34000H 347FFH 00800H STACK                  STACK

 Origin   Group
 1E65:0   CGROUP
 33D0:0   DGROUP
 33FF:0   FGROUP
 330C:0   LPTGRP

Program entry point at 1E65:000C
